====================================
   minicas beta: ./test-suite.log
====================================

# TOTAL: 20
# PASS:  20
# SKIP:  0
# XFAIL: 0
# FAIL:  0
# XPASS: 0
# ERROR: 0

.. contents:: :depth: 2

